2026-10-08 17:04:08 - INFO - -----------------Task 1 Started--------------------
2026-10-08 17:04:08 - INFO - Program started.
2026-10-08 17:04:17 - INFO - Name entered successfully.
2026-10-08 17:04:18 - INFO - Age entered successfully.
2026-10-08 17:04:22 - INFO - Height entered successfully.
2026-10-08 17:04:28 - INFO - Favorite programming language entered.
2026-10-08 17:04:42 - INFO - Coding experience entered successfully.
2026-10-08 17:04:42 - INFO - Currently learning Python: True
2026-10-08 17:04:42 - INFO - Personal information displayed successfully.
2026-10-08 17:04:42 - INFO - Data types displayed successfully.
2026-10-08 17:04:42 - INFO - Program completed successfully.
2026-10-08 17:04:42 - INFO - -----------------Task 1 Ended--------------------
2026-10-08 17:04:56 - INFO - -----------------Task 1 Started--------------------
2026-10-08 17:04:56 - INFO - Program started.
2026-10-08 17:04:56 - INFO - --- Program Started ---
2026-10-08 17:04:59 - INFO - Valid name entered: 'Aaa'
2026-10-08 17:05:03 - INFO - Valid name entered: 'Nnn'
2026-10-08 17:05:06 - WARNING - Invalid year input: '1022' (Out of range)
2026-10-08 17:05:26 - WARNING - Invalid year input: 'python -u "c:\Users\avira\OneDrive\Desktop\08_10\PyVault_PyLab\calculator.py"' (Not an integer)
2026-10-08 17:05:29 - INFO - Valid birth year entered: 2004
2026-10-08 17:05:30 - INFO - Valid favorite number entered: 222
2026-10-08 17:05:30 - INFO - Calculated age: 20
2026-10-08 17:05:30 - INFO - Displayed final message to user:

========================================
   \u2728 Personalized Message \u2728
========================================
Full Name       : Aaa Nnn
Age             : 20
Favorite × 2    : 444
========================================
2026-10-08 17:05:30 - INFO - --- Program Finished ---

2026-10-08 17:06:45,820 - INFO - -----------------Task 5 Started---------------------
2026-10-08 17:06:45,820 - INFO - Calculator started
2026-10-08 17:06:53,099 - INFO - Numbers entered: 111.0, 12.0
2026-10-08 17:07:06,030 - INFO - Operation selected: python -u "c:\Users\avira\OneDrive\Desktop\08_10\PyVault_PyLab\task3.py"
2026-10-08 17:07:06,031 - WARNING - Invalid operation entered: python -u "c:\Users\avira\OneDrive\Desktop\08_10\PyVault_PyLab\task3.py"
2026-10-08 17:07:06,031 - INFO - Calculator execution completed
2026-10-08 17:07:06,031 - INFO - -----------------Task 5 Ended--------------------
2026-10-08 17:07:11 - INFO - -----------------Task 1 Started--------------------
2026-10-08 17:07:11 - INFO - Program started.
2026-10-08 17:07:11 - INFO - --- Program Started ---
2026-10-08 17:07:37 - INFO - Valid name entered: 'Aaa'
2026-10-08 17:07:40 - INFO - Valid name entered: 'Aacf'
2026-10-08 17:07:42 - WARNING - Invalid year input: '1002' (Out of range)
2026-10-08 17:07:46 - INFO - Valid birth year entered: 2005
2026-10-08 17:07:49 - INFO - Valid favorite number entered: 21
2026-10-08 17:07:49 - INFO - Calculated age: 19
2026-10-08 17:07:49 - INFO - Displayed final message to user:

========================================
   \u2728 Personalized Message \u2728
========================================
Full Name       : Aaa Aacf
Age             : 19
Favorite × 2    : 42
========================================
2026-10-08 17:07:49 - INFO - --- Program Finished ---

2026-10-08 17:09:05 - INFO - -----------------Task 3 Started--------------------
2026-10-08 17:09:05 - INFO - Program started.
2026-10-08 17:09:05 - INFO - --- Program Started ---
2026-10-08 17:09:08 - INFO - Valid name entered: 'Aaaa'
2026-10-08 17:09:10 - INFO - Valid name entered: 'Ccc'
2026-10-08 17:09:12 - INFO - Valid birth year entered: 2005
2026-10-08 17:09:14 - INFO - Valid favorite number entered: 14
2026-10-08 17:09:14 - INFO - Calculated age: 19
2026-10-08 17:09:14 - INFO - Displayed final message to user:

========================================
   \u2728 task3 \u2728
========================================
Full Name       : Aaaa Ccc
Age             : 19
Favorite × 2    : 28
========================================
2026-10-08 17:09:14 - INFO - --- task 3 Finished ---

2026-10-08 17:10:21 - INFO - -----------------Task 3 Started--------------------
2026-10-08 17:10:21 - INFO - Program started.
2026-10-08 17:10:21 - INFO - --- Program Started ---
2026-10-08 17:10:23 - INFO - Valid name entered: 'Aaa'
2026-10-08 17:10:24 - INFO - Valid name entered: 'Ccc'
2026-10-08 17:10:29 - INFO - Valid birth year entered: 2005
2026-10-08 17:10:31 - INFO - Valid favorite number entered: 12
2026-10-08 17:10:31 - INFO - Calculated age: 19
2026-10-08 17:10:31 - INFO - Displayed final message to user:
Full Name: Aaa Ccc
Age: 19
Favorite Number × 2: 24
2026-10-08 17:10:31 - INFO - --- task 3 Finished ---

2026-10-08 17:31:02 - INFO - -----------------Task 3 Started--------------------
2026-10-08 17:31:02 - INFO - Program started.
2026-10-08 17:31:02 - INFO - --- Program Started ---
